------------------------------------------------------------
TimeQuest Timing Analyzer Summary
------------------------------------------------------------

Type  : Slow 1200mV 85C Model Setup 'CLOCK_50'
Slack : -10.310
TNS   : -261.543

Type  : Slow 1200mV 85C Model Setup 'SW[0]'
Slack : -3.160
TNS   : -17.379

Type  : Slow 1200mV 85C Model Hold 'SW[0]'
Slack : -0.120
TNS   : -0.187

Type  : Slow 1200mV 85C Model Hold 'CLOCK_50'
Slack : 0.402
TNS   : 0.000

Type  : Slow 1200mV 85C Model Minimum Pulse Width 'CLOCK_50'
Slack : -3.000
TNS   : -47.975

Type  : Slow 1200mV 85C Model Minimum Pulse Width 'SW[0]'
Slack : -3.000
TNS   : -13.280

Type  : Slow 1200mV 0C Model Setup 'CLOCK_50'
Slack : -9.310
TNS   : -236.870

Type  : Slow 1200mV 0C Model Setup 'SW[0]'
Slack : -2.839
TNS   : -14.181

Type  : Slow 1200mV 0C Model Hold 'SW[0]'
Slack : -0.035
TNS   : -0.035

Type  : Slow 1200mV 0C Model Hold 'CLOCK_50'
Slack : 0.354
TNS   : 0.000

Type  : Slow 1200mV 0C Model Minimum Pulse Width 'CLOCK_50'
Slack : -3.000
TNS   : -47.975

Type  : Slow 1200mV 0C Model Minimum Pulse Width 'SW[0]'
Slack : -3.000
TNS   : -13.280

Type  : Fast 1200mV 0C Model Setup 'CLOCK_50'
Slack : -4.712
TNS   : -120.491

Type  : Fast 1200mV 0C Model Setup 'SW[0]'
Slack : -1.512
TNS   : -10.935

Type  : Fast 1200mV 0C Model Hold 'SW[0]'
Slack : -0.165
TNS   : -0.313

Type  : Fast 1200mV 0C Model Hold 'CLOCK_50'
Slack : 0.182
TNS   : 0.000

Type  : Fast 1200mV 0C Model Minimum Pulse Width 'CLOCK_50'
Slack : -3.000
TNS   : -45.461

Type  : Fast 1200mV 0C Model Minimum Pulse Width 'SW[0]'
Slack : -3.000
TNS   : -16.758

------------------------------------------------------------
